BL51 BANKED LINKER/LOCATER V6.22                                                        02/10/2020  23:35:50  PAGE 1


BL51 BANKED LINKER/LOCATER V6.22, INVOKED BY:
D:\APPS\KEIL\C51\BIN\BL51.EXE .\Objects\STARTUP.obj, .\Objects\delay.obj, .\Objects\main.obj, .\Objects\uart.obj TO .\Ob
>> jects\01_test PRINT (.\Listings\01_test.m51) RAMSIZE (256)


MEMORY MODEL: SMALL


INPUT MODULES INCLUDED:
  .\Objects\STARTUP.obj (?C_STARTUP)
  .\Objects\delay.obj (DELAY)
  .\Objects\main.obj (MAIN)
  .\Objects\uart.obj (UART)
  D:\APPS\KEIL\C51\LIB\C51S.LIB (?C_INIT)
  D:\APPS\KEIL\C51\LIB\C51S.LIB (?C?COPY)
  D:\APPS\KEIL\C51\LIB\C51S.LIB (?C?CLDPTR)
  D:\APPS\KEIL\C51\LIB\C51S.LIB (PRINTF)
  D:\APPS\KEIL\C51\LIB\C51S.LIB (STRLEN)
  D:\APPS\KEIL\C51\LIB\C51S.LIB (STRSTR)
  D:\APPS\KEIL\C51\LIB\C51S.LIB (?C?CLDOPTR)
  D:\APPS\KEIL\C51\LIB\C51S.LIB (?C?CSTPTR)
  D:\APPS\KEIL\C51\LIB\C51S.LIB (?C?PLDIIDATA)
  D:\APPS\KEIL\C51\LIB\C51S.LIB (?C?CCASE)
  D:\APPS\KEIL\C51\LIB\C51S.LIB (PUTCHAR)


LINK MAP OF MODULE:  .\Objects\01_test (?C_STARTUP)


            TYPE    BASE      LENGTH    RELOCATION   SEGMENT NAME
            -----------------------------------------------------

            * * * * * * *   D A T A   M E M O R Y   * * * * * * *
            REG     0000H     0008H     ABSOLUTE     "REG BANK 0"
            DATA    0008H     000BH     UNIT         ?DT?MAIN
            DATA    0013H     0005H     UNIT         ?DT?_SEND_SMS?MAIN
            DATA    0018H     0001H     UNIT         ?DT?DELAY
            DATA    0019H     0001H     UNIT         ?DT?CHECK_NEW_MESSAGE?MAIN
                    001AH     0006H                  *** GAP ***
            DATA    0020H     0001H     BIT_ADDR     ?BA?MAIN
            BIT     0021H.0   0001H.1   UNIT         _BIT_GROUP_
            BIT     0022H.1   0000H.1   UNIT         ?BI?LCD_BZ?MAIN
                    0022H.2   0000H.6                *** GAP ***
            DATA    0023H     0033H     UNIT         _DATA_GROUP_
            IDATA   0056H     0001H     UNIT         ?STACK

            * * * * * * *  X D A T A   M E M O R Y  * * * * * * *
            XDATA   0000H     00C8H     UNIT         ?XD?MAIN
            XDATA   00C8H     00C8H     UNIT         ?XD?BACK_SEND_SMS?MAIN
            XDATA   0190H     000CH     UNIT         ?XD?_SEND_SMS?MAIN

            * * * * * * *   C O D E   M E M O R Y   * * * * * * *
            CODE    0000H     0003H     ABSOLUTE     
            CODE    0003H     0007H     UNIT         ?PR?_DELAY_MS?DELAY
                    000AH     0001H                  *** GAP ***
            CODE    000BH     0003H     ABSOLUTE     
            CODE    000EH     0015H     UNIT         ?PR?_STRLEN?STRLEN
            CODE    0023H     0003H     ABSOLUTE     
BL51 BANKED LINKER/LOCATER V6.22                                                      02/10/2020  23:35:50  PAGE 2


            CODE    0026H     035CH     UNIT         ?PR?PRINTF?PRINTF
            CODE    0382H     0289H     UNIT         ?CO?MAIN
            CODE    060BH     0184H     UNIT         ?C?LIB_CODE
            CODE    078FH     00B6H     UNIT         ?PR?BACK_SEND_SMS?MAIN
            CODE    0845H     0096H     UNIT         ?PR?CHECK_NEW_MESSAGE?MAIN
            CODE    08DBH     008CH     UNIT         ?C_C51STARTUP
            CODE    0967H     0082H     UNIT         ?PR?_STRSTR?STRSTR
            CODE    09E9H     0068H     UNIT         ?PR?_SECOND_AT_COMMAND?MAIN
            CODE    0A51H     0061H     UNIT         ?PR?TIMER0_ISR?MAIN
            CODE    0AB2H     005DH     UNIT         ?PR?WAIT_CREG?MAIN
            CODE    0B0FH     0058H     UNIT         ?PR?_SEND_PDU_SMS?MAIN
            CODE    0B67H     0058H     UNIT         ?PR?_SEND_SMS?MAIN
            CODE    0BBFH     0054H     UNIT         ?PR?SET_PDU_MODE?MAIN
            CODE    0C13H     0054H     UNIT         ?PR?DHT_DISPLAY?MAIN
            CODE    0C67H     0044H     UNIT         ?PR?RECEIVE?MAIN
            CODE    0CABH     0038H     UNIT         ?PR?UART1?MAIN
            CODE    0CE3H     0027H     UNIT         ?PR?MAIN?MAIN
            CODE    0D0AH     0027H     UNIT         ?PR?PUTCHAR?PUTCHAR
            CODE    0D31H     0026H     UNIT         ?PR?LCD_INIT?MAIN
            CODE    0D57H     0025H     UNIT         ?PR?_UART1_SENDSTRING?UART
            CODE    0D7CH     0024H     UNIT         ?PR?RECEIVE_BYTE?MAIN
            CODE    0DA0H     0021H     UNIT         ?PR?_DISPLAY?MAIN
            CODE    0DC1H     0020H     UNIT         ?PR?_FIND?MAIN
            CODE    0DE1H     001FH     UNIT         ?PR?UART1INIT?UART
            CODE    0E00H     001CH     UNIT         ?PR?_WRITE_CMD?MAIN
            CODE    0E1CH     001CH     UNIT         ?PR?_WRITE_BYTE?MAIN
            CODE    0E38H     0016H     UNIT         ?PR?TIMER0INIT?MAIN
            CODE    0E4EH     0014H     UNIT         ?PR?LCD_BZ?MAIN
            CODE    0E62H     0014H     UNIT         ?PR?START?MAIN
            CODE    0E76H     0012H     UNIT         ?PR?CLR_BUF1?MAIN
            CODE    0E88H     0012H     UNIT         ?PR?_DELAY?MAIN
            CODE    0E9AH     000EH     UNIT         ?PR?DELAY1S?MAIN
            CODE    0EA8H     000DH     UNIT         ?C_INITSEG
            CODE    0EB5H     000CH     UNIT         ?PR?_UART1_SENDDATA?UART
            CODE    0EC1H     000AH     UNIT         ?PR?DELAY1?MAIN
            CODE    0ECBH     0007H     UNIT         ?PR?_WRITE_ADDR?MAIN
            CODE    0ED2H     0003H     UNIT         ?PR?GPIO_CONFIG?MAIN



OVERLAY MAP OF MODULE:   .\Objects\01_test (?C_STARTUP)


SEGMENT                                BIT_GROUP          DATA_GROUP 
  +--> CALLED SEGMENT               START    LENGTH     START    LENGTH
-----------------------------------------------------------------------
?C_C51STARTUP                       -----    -----      -----    -----
  +--> ?PR?MAIN?MAIN
  +--> ?C_INITSEG

?PR?MAIN?MAIN                       -----    -----      -----    -----
  +--> ?PR?TIMER0INIT?MAIN
  +--> ?PR?UART1INIT?UART
  +--> ?PR?WAIT_CREG?MAIN
  +--> ?CO?MAIN
  +--> ?PR?_SEND_PDU_SMS?MAIN

BL51 BANKED LINKER/LOCATER V6.22                                                      02/10/2020  23:35:50  PAGE 3


?PR?WAIT_CREG?MAIN                  -----    -----      0023H    0002H
  +--> ?PR?CLR_BUF1?MAIN
  +--> ?CO?MAIN
  +--> ?PR?_UART1_SENDSTRING?UART
  +--> ?PR?_UART1_SENDDATA?UART
  +--> ?PR?_DELAY_MS?DELAY

?PR?_UART1_SENDSTRING?UART          -----    -----      003CH    0003H
  +--> ?PR?_UART1_SENDDATA?UART

?PR?_SEND_PDU_SMS?MAIN              -----    -----      0023H    0019H
  +--> ?CO?MAIN
  +--> ?PR?PRINTF?PRINTF
  +--> ?PR?_SECOND_AT_COMMAND?MAIN
  +--> ?PR?_UART1_SENDSTRING?UART
  +--> ?PR?_UART1_SENDDATA?UART

?PR?PRINTF?PRINTF                   0021H.0  0001H.1    003CH    0014H
  +--> ?PR?PUTCHAR?PUTCHAR

?PR?_SECOND_AT_COMMAND?MAIN         -----    -----      003CH    000BH
  +--> ?PR?CLR_BUF1?MAIN
  +--> ?PR?_FIND?MAIN
  +--> ?PR?_UART1_SENDDATA?UART

?PR?_FIND?MAIN                      -----    -----      0047H    0003H
  +--> ?PR?_STRSTR?STRSTR

?PR?_STRSTR?STRSTR                  -----    -----      004AH    000CH



SYMBOL TABLE OF MODULE:  .\Objects\01_test (?C_STARTUP)

  VALUE           TYPE          NAME
  ----------------------------------

  -------         MODULE        ?C_STARTUP
  C:08DBH         SEGMENT       ?C_C51STARTUP
  I:0056H         SEGMENT       ?STACK
  C:0000H         PUBLIC        ?C_STARTUP
  D:00E0H         SYMBOL        ACC
  D:00F0H         SYMBOL        B
  D:0083H         SYMBOL        DPH
  D:0082H         SYMBOL        DPL
  N:0000H         SYMBOL        IBPSTACK
  N:0100H         SYMBOL        IBPSTACKTOP
  N:0080H         SYMBOL        IDATALEN
  C:08DEH         SYMBOL        IDATALOOP
  N:0000H         SYMBOL        PBPSTACK
  N:0100H         SYMBOL        PBPSTACKTOP
  N:0000H         SYMBOL        PDATALEN
  N:0000H         SYMBOL        PDATASTART
  N:0000H         SYMBOL        PPAGE
  N:0000H         SYMBOL        PPAGEENABLE
  D:00A0H         SYMBOL        PPAGE_SFR
  D:0081H         SYMBOL        SP
BL51 BANKED LINKER/LOCATER V6.22                                                      02/10/2020  23:35:50  PAGE 4


  C:08DBH         SYMBOL        STARTUP1
  N:0000H         SYMBOL        XBPSTACK
  N:0000H         SYMBOL        XBPSTACKTOP
  N:0000H         SYMBOL        XDATALEN
  N:0000H         SYMBOL        XDATASTART
  C:0000H         LINE#         126
  C:08DBH         LINE#         133
  C:08DDH         LINE#         134
  C:08DEH         LINE#         135
  C:08DFH         LINE#         136
  C:08E1H         LINE#         185
  C:08E4H         LINE#         196
  -------         ENDMOD        ?C_STARTUP

  -------         MODULE        DELAY
  C:0000H         SYMBOL        _ICE_DUMMY_
  D:0018H         PUBLIC        count_20ms
  C:0003H         PUBLIC        _delay_ms
  -------         PROC          _DELAY_MS
  D:0007H         SYMBOL        ms
  C:0003H         LINE#         14
  C:0003H         LINE#         15
  C:0003H         LINE#         16
  C:0005H         LINE#         17
  C:0009H         LINE#         18
  -------         ENDPROC       _DELAY_MS
  -------         ENDMOD        DELAY

  -------         MODULE        MAIN
  C:0000H         SYMBOL        _ICE_DUMMY_
  C:0D7CH         PUBLIC        receive_byte
  C:04D0H         PUBLIC        content
  D:0090H         PUBLIC        P1
  D:00A0H         PUBLIC        P2
  C:0DC1H         PUBLIC        _Find
  D:00B0H         PUBLIC        P3
  C:0A51H         PUBLIC        Timer0_ISR
  D:0009H         PUBLIC        Times
  B:00A8H.7       PUBLIC        EA
  C:0ED2H         PUBLIC        GPIO_config
  B:00B0H.2       PUBLIC        RUNING_LED
  C:0E88H         PUBLIC        _delay
  C:0E76H         PUBLIC        CLR_Buf1
  C:0845H         PUBLIC        Check_New_Message
  C:0E9AH         PUBLIC        Delay1s
  D:000AH         PUBLIC        First_Int
  C:0AB2H         PUBLIC        Wait_CREG
  D:000BH         PUBLIC        RH
  D:000CH         PUBLIC        Uart_flag
  C:0520H         PUBLIC        RH_TM_Buf
  B:0098H.0       PUBLIC        RI
  D:000DH         PUBLIC        TH
  B:0098H.1       PUBLIC        TI
  D:000EH         PUBLIC        RL
  C:0BBFH         PUBLIC        Set_Pdu_Mode
  D:000FH         PUBLIC        TL
  C:0B67H         PUBLIC        _Send_Sms
BL51 BANKED LINKER/LOCATER V6.22                                                      02/10/2020  23:35:50  PAGE 5


  C:04D3H         PUBLIC        buff
  C:0CE3H         PUBLIC        main
  C:0ECBH         PUBLIC        _write_addr
  C:0B0FH         PUBLIC        _Send_Pdu_Sms
  C:0E62H         PUBLIC        start
  D:0099H         PUBLIC        SBUF
  D:0010H         PUBLIC        data_byte
  D:0089H         PUBLIC        TMOD
  C:0C13H         PUBLIC        DHT_display
  D:008EH         PUBLIC        AUXR
  C:0523H         SYMBOL        _?ix1000
  C:0EC4H         PUBLIC        delay1
  C:0537H         SYMBOL        _?ix1001
  C:0E00H         PUBLIC        _write_cmd
  C:05FFH         SYMBOL        _?ix1002
  C:0E1CH         PUBLIC        _write_byte
  B:0020H.0       PUBLIC        Timer0_start
  B:00A8H.1       PUBLIC        ET0
  B:0088H.5       PUBLIC        TF0
  C:0D31H         PUBLIC        lcd_init
  C:0E38H         PUBLIC        Timer0Init
  D:008CH         PUBLIC        TH0
  X:0000H         PUBLIC        Uart1_Buf
  C:0CABH         PUBLIC        Uart1
  C:0502H         PUBLIC        NumBuf
  D:008AH         PUBLIC        TL0
  B:00B0H.7       PUBLIC        ep
  B:0088H.4       PUBLIC        TR0
  B:0090H.0       PUBLIC        io
  D:0011H         PUBLIC        Second_2s
  B:00B0H.5       PUBLIC        rs
  C:0C67H         PUBLIC        receive
  B:00B0H.6       PUBLIC        rw
  D:0012H         PUBLIC        shijian
  C:0E4EH         PUBLIC        lcd_bz
  C:078FH         PUBLIC        Back_Send_Sms
  C:09E9H         PUBLIC        _Second_AT_Command
  C:0DA9H         PUBLIC        _display
  D:0020H         PUBLIC        Flag
  -------         PROC          MAIN
  C:0CE3H         LINE#         107
  C:0CE3H         LINE#         108
  C:0CE3H         LINE#         109
  C:0CE6H         LINE#         111
  C:0CE8H         LINE#         113
  C:0CEBH         LINE#         114
  C:0CEEH         LINE#         116
  C:0D03H         LINE#         118
  C:0D03H         LINE#         119
  C:0D03H         LINE#         120
  C:0D03H         LINE#         121
  C:0D03H         LINE#         124
  C:0D03H         LINE#         125
  C:0D08H         LINE#         126
  C:0D08H         LINE#         128
  C:0D08H         LINE#         129
  -------         ENDPROC       MAIN
BL51 BANKED LINKER/LOCATER V6.22                                                      02/10/2020  23:35:50  PAGE 6


  -------         PROC          CHECK_NEW_MESSAGE
  -------         DO            
  D:0019H         SYMBOL        temp
  -------         ENDDO         
  C:0845H         LINE#         141
  C:0845H         LINE#         142
  C:0845H         LINE#         143
  C:0848H         LINE#         144
  C:085FH         LINE#         145
  C:085FH         LINE#         146
  C:0864H         LINE#         147
  C:087BH         LINE#         148
  C:087BH         LINE#         150
  C:087EH         LINE#         151
  C:0880H         LINE#         152
  C:0897H         LINE#         153
  C:0897H         LINE#         155
  C:0897H         LINE#         156
  C:08AEH         LINE#         157
  C:08AEH         LINE#         159
  C:08AEH         LINE#         160
  C:08C5H         LINE#         161
  C:08C5H         LINE#         163
  C:08C5H         LINE#         164
  C:08D7H         LINE#         165
  C:08D7H         LINE#         167
  C:08D7H         LINE#         168
  C:08DAH         LINE#         170
  C:08DAH         LINE#         171
  -------         ENDPROC       CHECK_NEW_MESSAGE
  -------         PROC          UART1
  C:0CABH         LINE#         182
  C:0CB3H         LINE#         184
  C:0CB6H         LINE#         185
  C:0CB6H         LINE#         186
  C:0CB8H         LINE#         187
  C:0CC6H         LINE#         188
  C:0CC8H         LINE#         189
  C:0CCFH         LINE#         190
  C:0CCFH         LINE#         191
  C:0CD2H         LINE#         192
  C:0CD2H         LINE#         193
  C:0CD2H         LINE#         194
  C:0CD5H         LINE#         195
  C:0CD5H         LINE#         196
  C:0CD7H         LINE#         197
  C:0CD7H         LINE#         198
  C:0CDAH         LINE#         199
  -------         ENDPROC       UART1
  -------         PROC          TIMER0_ISR
  -------         DO            
  D:0008H         SYMBOL        Time_count
  -------         ENDDO         
  C:0A51H         LINE#         208
  C:0A5EH         LINE#         211
  C:0A61H         LINE#         212
  C:0A64H         LINE#         213
BL51 BANKED LINKER/LOCATER V6.22                                                      02/10/2020  23:35:50  PAGE 7


  C:0A66H         LINE#         215
  C:0A68H         LINE#         216
  C:0A6FH         LINE#         217
  C:0A6FH         LINE#         218
  C:0A72H         LINE#         219
  C:0A74H         LINE#         220
  C:0A74H         LINE#         222
  C:0A76H         LINE#         223
  C:0A7DH         LINE#         224
  C:0A7DH         LINE#         225
  C:0A80H         LINE#         227
  C:0A80H         LINE#         229
  C:0A84H         LINE#         230
  C:0A86H         LINE#         231
  C:0A89H         LINE#         232
  C:0A8BH         LINE#         233
  C:0AA0H         LINE#         234
  C:0AA0H         LINE#         235
  C:0AA2H         LINE#         236
  C:0AA5H         LINE#         237
  C:0AA5H         LINE#         238
  C:0AA7H         LINE#         239
  -------         ENDPROC       TIMER0_ISR
  -------         PROC          GPIO_CONFIG
  C:0ED2H         LINE#         248
  C:0ED2H         LINE#         249
  C:0ED2H         LINE#         250
  C:0ED4H         LINE#         251
  -------         ENDPROC       GPIO_CONFIG
  -------         PROC          TIMER0INIT
  C:0E38H         LINE#         260
  C:0E38H         LINE#         261
  C:0E38H         LINE#         262
  C:0E3BH         LINE#         263
  C:0E3EH         LINE#         264
  C:0E41H         LINE#         265
  C:0E44H         LINE#         266
  C:0E47H         LINE#         267
  C:0E49H         LINE#         268
  C:0E4BH         LINE#         269
  C:0E4DH         LINE#         270
  -------         ENDPROC       TIMER0INIT
  -------         PROC          CLR_BUF1
  -------         DO            
  D:0006H         SYMBOL        k
  -------         ENDDO         
  C:0E76H         LINE#         279
  C:0E76H         LINE#         280
  C:0E76H         LINE#         282
  C:0E78H         LINE#         283
  C:0E78H         LINE#         284
  C:0E82H         LINE#         285
  C:0E82H         LINE#         286
  C:0E85H         LINE#         287
  C:0E87H         LINE#         288
  -------         ENDPROC       CLR_BUF1
  -------         PROC          _FIND
BL51 BANKED LINKER/LOCATER V6.22                                                      02/10/2020  23:35:50  PAGE 8


  D:0047H         SYMBOL        a
  C:0DC1H         LINE#         299
  C:0DC7H         LINE#         300
  C:0DC7H         LINE#         301
  C:0DDBH         LINE#         302
  C:0DDEH         LINE#         304
  C:0DE0H         LINE#         305
  -------         ENDPROC       _FIND
  -------         PROC          _SECOND_AT_COMMAND
  D:003CH         SYMBOL        b
  D:003FH         SYMBOL        a
  D:0042H         SYMBOL        wait_time
  -------         DO            
  D:0043H         SYMBOL        i
  D:0044H         SYMBOL        c
  -------         ENDDO         
  C:09E9H         LINE#         316
  C:09EFH         LINE#         317
  C:09EFH         LINE#         320
  C:09F5H         LINE#         321
  C:09F8H         LINE#         322
  C:09FBH         LINE#         323
  C:09FFH         LINE#         324
  C:09FFH         LINE#         325
  C:0A0BH         LINE#         326
  C:0A0BH         LINE#         327
  C:0A0EH         LINE#         328
  C:0A0EH         LINE#         329
  C:0A17H         LINE#         330
  C:0A23H         LINE#         331
  C:0A23H         LINE#         332
  C:0A26H         LINE#         333
  C:0A33H         LINE#         334
  C:0A3DH         LINE#         335
  C:0A40H         LINE#         336
  C:0A43H         LINE#         337
  C:0A45H         LINE#         338
  C:0A45H         LINE#         339
  C:0A47H         LINE#         341
  C:0A47H         LINE#         342
  C:0A4AH         LINE#         343
  C:0A4CH         LINE#         344
  C:0A4CH         LINE#         345
  C:0A4EH         LINE#         346
  -------         ENDPROC       _SECOND_AT_COMMAND
  -------         PROC          SET_PDU_MODE
  C:0BBFH         LINE#         357
  C:0BBFH         LINE#         358
  C:0BBFH         LINE#         359
  C:0BD4H         LINE#         360
  C:0BE9H         LINE#         361
  C:0BFEH         LINE#         362
  -------         ENDPROC       SET_PDU_MODE
  -------         PROC          _SEND_PDU_SMS
  D:0023H         SYMBOL        sms
  D:0026H         SYMBOL        len
  -------         DO            
BL51 BANKED LINKER/LOCATER V6.22                                                      02/10/2020  23:35:50  PAGE 9


  D:0028H         SYMBOL        buf
  -------         ENDDO         
  C:0B0FH         LINE#         372
  C:0B19H         LINE#         373
  C:0B19H         LINE#         374
  C:0B2CH         LINE#         375
  C:0B44H         LINE#         376
  C:0B59H         LINE#         377
  C:0B62H         LINE#         378
  -------         ENDPROC       _SEND_PDU_SMS
  -------         PROC          WAIT_CREG
  -------         DO            
  D:0023H         SYMBOL        i
  D:0024H         SYMBOL        k
  -------         ENDDO         
  C:0AB2H         LINE#         389
  C:0AB2H         LINE#         390
  C:0AB2H         LINE#         393
  C:0AB5H         LINE#         394
  C:0AB8H         LINE#         395
  C:0ABCH         LINE#         396
  C:0ABCH         LINE#         397
  C:0ABFH         LINE#         398
  C:0AC8H         LINE#         399
  C:0AD2H         LINE#         400
  C:0AD7H         LINE#         401
  C:0AE1H         LINE#         402
  C:0AE1H         LINE#         403
  C:0AF0H         LINE#         404
  C:0AF0H         LINE#         405
  C:0B05H         LINE#         406
  C:0B05H         LINE#         407
  C:0B08H         LINE#         408
  C:0B0AH         LINE#         409
  C:0B0AH         LINE#         410
  C:0B0AH         LINE#         411
  C:0B0EH         LINE#         412
  C:0B0EH         LINE#         413
  -------         ENDPROC       WAIT_CREG
  -------         PROC          DELAY1S
  -------         DO            
  D:0007H         SYMBOL        i
  D:0006H         SYMBOL        j
  D:0005H         SYMBOL        k
  -------         ENDDO         
  C:0E9AH         LINE#         421
  C:0E9AH         LINE#         422
  C:0E9AH         LINE#         425
  C:0E9BH         LINE#         426
  C:0E9DH         LINE#         427
  C:0E9FH         LINE#         428
  C:0EA1H         LINE#         430
  C:0EA1H         LINE#         432
  C:0EA1H         LINE#         433
  C:0EA3H         LINE#         434
  C:0EA5H         LINE#         435
  C:0EA7H         LINE#         436
BL51 BANKED LINKER/LOCATER V6.22                                                      02/10/2020  23:35:50  PAGE 10


  -------         ENDPROC       DELAY1S
  -------         PROC          _DELAY
  D:0007H         SYMBOL        ms
  -------         DO            
  D:0006H         SYMBOL        i
  -------         ENDDO         
  C:0E88H         LINE#         440
  C:0E88H         LINE#         442
  C:0E88H         LINE#         446
  C:0E8EH         LINE#         450
  C:0E99H         LINE#         452
  -------         ENDPROC       _DELAY
  -------         PROC          L?0118
  -------         ENDPROC       L?0118
  -------         PROC          DELAY1
  -------         DO            
  D:0007H         SYMBOL        i
  -------         ENDDO         
  C:0EC4H         LINE#         455
  C:0EC4H         LINE#         457
  C:0EC4H         LINE#         461
  C:0ECAH         LINE#         463
  -------         ENDPROC       DELAY1
  -------         PROC          LCD_BZ
  -------         DO            
  B:0022H.1       SYMBOL        result
  -------         ENDDO         
  C:0E4EH         LINE#         471
  C:0E4EH         LINE#         473
  C:0E4EH         LINE#         476
  C:0E50H         LINE#         477
  C:0E52H         LINE#         478
  C:0E54H         LINE#         479
  C:0E55H         LINE#         480
  C:0E56H         LINE#         481
  C:0E57H         LINE#         482
  C:0E58H         LINE#         483
  C:0E5DH         LINE#         484
  C:0E5FH         LINE#         485
  C:0E61H         LINE#         487
  -------         ENDPROC       LCD_BZ
  -------         PROC          _WRITE_CMD
  D:0007H         SYMBOL        cmd
  C:0E00H         LINE#         489
  C:0E00H         LINE#         491
  C:0E00H         LINE#         493
  C:0E05H         LINE#         494
  C:0E07H         LINE#         495
  C:0E09H         LINE#         496
  C:0E0BH         LINE#         497
  C:0E0CH         LINE#         498
  C:0E0DH         LINE#         499
  C:0E0FH         LINE#         500
  C:0E10H         LINE#         501
  C:0E11H         LINE#         502
  C:0E12H         LINE#         503
  C:0E13H         LINE#         504
BL51 BANKED LINKER/LOCATER V6.22                                                      02/10/2020  23:35:50  PAGE 11


  C:0E15H         LINE#         505
  C:0E16H         LINE#         506
  C:0E17H         LINE#         507
  C:0E18H         LINE#         508
  C:0E19H         LINE#         509
  C:0E1BH         LINE#         511
  -------         ENDPROC       _WRITE_CMD
  -------         PROC          _WRITE_ADDR
  D:0007H         SYMBOL        addr
  C:0ECBH         LINE#         515
  C:0ECBH         LINE#         517
  C:0ECBH         LINE#         519
  -------         ENDPROC       _WRITE_ADDR
  -------         PROC          _WRITE_BYTE
  D:0007H         SYMBOL        dat
  C:0E1CH         LINE#         525
  C:0E1CH         LINE#         527
  C:0E1CH         LINE#         529
  C:0E21H         LINE#         530
  C:0E23H         LINE#         531
  C:0E25H         LINE#         532
  C:0E27H         LINE#         533
  C:0E28H         LINE#         534
  C:0E29H         LINE#         535
  C:0E2BH         LINE#         536
  C:0E2CH         LINE#         537
  C:0E2DH         LINE#         538
  C:0E2EH         LINE#         539
  C:0E2FH         LINE#         540
  C:0E31H         LINE#         541
  C:0E32H         LINE#         542
  C:0E33H         LINE#         543
  C:0E34H         LINE#         544
  C:0E35H         LINE#         545
  C:0E37H         LINE#         547
  -------         ENDPROC       _WRITE_BYTE
  -------         PROC          LCD_INIT
  C:0D31H         LINE#         551
  C:0D31H         LINE#         553
  C:0D31H         LINE#         555
  C:0D36H         LINE#         557
  C:0D3BH         LINE#         559
  C:0D40H         LINE#         561
  C:0D45H         LINE#         563
  C:0D4AH         LINE#         565
  C:0D4FH         LINE#         567
  C:0D54H         LINE#         569
  -------         ENDPROC       LCD_INIT
  -------         PROC          L?0117
  -------         ENDPROC       L?0117
  -------         PROC          _DISPLAY
  D:0003H         SYMBOL        addr
  D:0004H         SYMBOL        q
  C:0DA9H         LINE#         575
  C:0DADH         LINE#         577
  C:0DADH         LINE#         579
  C:0DB7H         LINE#         581
BL51 BANKED LINKER/LOCATER V6.22                                                      02/10/2020  23:35:50  PAGE 12


  C:0DBCH         LINE#         583
  -------         ENDPROC       _DISPLAY
  -------         PROC          START
  C:0E62H         LINE#         591
  C:0E62H         LINE#         593
  C:0E62H         LINE#         595
  C:0E64H         LINE#         597
  C:0E67H         LINE#         599
  C:0E69H         LINE#         601
  C:0E6EH         LINE#         603
  C:0E70H         LINE#         605
  C:0E70H         LINE#         607
  C:0E73H         LINE#         609
  -------         ENDPROC       START
  -------         PROC          RECEIVE_BYTE
  -------         DO            
  D:0005H         SYMBOL        i
  D:0006H         SYMBOL        temp
  -------         ENDDO         
  C:0D7CH         LINE#         615
  C:0D7CH         LINE#         617
  C:0D7CH         LINE#         621
  C:0D7EH         LINE#         623
  C:0D7EH         LINE#         625
  C:0D81H         LINE#         627
  C:0D81H         LINE#         629
  C:0D84H         LINE#         631
  C:0D87H         LINE#         633
  C:0D89H         LINE#         635
  C:0D8CH         LINE#         637
  C:0D8DH         LINE#         639
  C:0D90H         LINE#         641
  C:0D96H         LINE#         643
  C:0D99H         LINE#         645
  C:0D9DH         LINE#         647
  C:0D9FH         LINE#         649
  -------         ENDPROC       RECEIVE_BYTE
  -------         PROC          RECEIVE
  -------         DO            
  D:0003H         SYMBOL        T_H
  D:0002H         SYMBOL        T_L
  D:0001H         SYMBOL        R_H
  D:0004H         SYMBOL        R_L
  D:0006H         SYMBOL        check
  D:0007H         SYMBOL        num_check
  D:0005H         SYMBOL        i
  -------         ENDDO         
  C:0C67H         LINE#         653
  C:0C67H         LINE#         655
  C:0C67H         LINE#         659
  C:0C6AH         LINE#         661
  C:0C6CH         LINE#         663
  C:0C6FH         LINE#         665
  C:0C6FH         LINE#         666
  C:0C72H         LINE#         668
  C:0C75H         LINE#         670
  C:0C7AH         LINE#         672
BL51 BANKED LINKER/LOCATER V6.22                                                      02/10/2020  23:35:50  PAGE 13


  C:0C7FH         LINE#         674
  C:0C84H         LINE#         676
  C:0C89H         LINE#         678
  C:0C8EH         LINE#         680
  C:0C90H         LINE#         682
  C:0C92H         LINE#         684
  C:0C99H         LINE#         686
  C:0C9BH         LINE#         688
  C:0C9FH         LINE#         690
  C:0CA2H         LINE#         692
  C:0CA2H         LINE#         694
  C:0CA4H         LINE#         696
  C:0CA6H         LINE#         698
  C:0CA8H         LINE#         700
  C:0CAAH         LINE#         702
  C:0CAAH         LINE#         704
  C:0CAAH         LINE#         706
  C:0CAAH         LINE#         708
  -------         ENDPROC       RECEIVE
  -------         PROC          DHT_DISPLAY
  C:0C13H         LINE#         714
  C:0C13H         LINE#         716
  C:0C13H         LINE#         718
  C:0C16H         LINE#         720
  C:0C16H         LINE#         722
  C:0C1CH         LINE#         724
  C:0C1FH         LINE#         730
  C:0C2DH         LINE#         732
  C:0C34H         LINE#         734
  C:0C3BH         LINE#         737
  C:0C42H         LINE#         738
  C:0C50H         LINE#         740
  C:0C57H         LINE#         742
  C:0C5EH         LINE#         744
  C:0C65H         LINE#         746
  -------         ENDPROC       DHT_DISPLAY
  -------         PROC          BACK_SEND_SMS
  -------         DO            
  X:00C8H         SYMBOL        buf
  -------         ENDDO         
  C:078FH         LINE#         750
  C:078FH         LINE#         751
  C:078FH         LINE#         753
  C:07A2H         LINE#         754
  C:082BH         LINE#         755
  -------         ENDPROC       BACK_SEND_SMS
  -------         PROC          _SEND_SMS
  D:0013H         SYMBOL        sms
  D:0016H         SYMBOL        len
  -------         DO            
  X:0190H         SYMBOL        buf
  -------         ENDDO         
  C:0B67H         LINE#         758
  C:0B71H         LINE#         759
  C:0B71H         LINE#         760
  C:0B84H         LINE#         761
  C:0B9CH         LINE#         762
BL51 BANKED LINKER/LOCATER V6.22                                                      02/10/2020  23:35:50  PAGE 14


  C:0BB1H         LINE#         763
  C:0BBAH         LINE#         764
  -------         ENDPROC       _SEND_SMS
  -------         ENDMOD        MAIN

  -------         MODULE        UART
  C:0000H         SYMBOL        _ICE_DUMMY_
  B:00A8H.4       PUBLIC        ES
  B:0098H.1       PUBLIC        TI
  D:0099H         PUBLIC        SBUF
  D:0087H         PUBLIC        PCON
  D:0098H         PUBLIC        SCON
  D:0089H         PUBLIC        TMOD
  D:008EH         PUBLIC        AUXR
  B:00A8H.3       PUBLIC        ET1
  D:008DH         PUBLIC        TH1
  D:008BH         PUBLIC        TL1
  C:0D57H         PUBLIC        _UART1_SendString
  B:0088H.6       PUBLIC        TR1
  C:0EB5H         PUBLIC        _UART1_SendData
  C:0DE1H         PUBLIC        Uart1Init
  -------         PROC          UART1INIT
  C:0DE1H         LINE#         3
  C:0DE1H         LINE#         4
  C:0DE1H         LINE#         5
  C:0DE4H         LINE#         6
  C:0DE7H         LINE#         7
  C:0DEAH         LINE#         8
  C:0DEDH         LINE#         9
  C:0DF0H         LINE#         10
  C:0DF3H         LINE#         11
  C:0DF6H         LINE#         12
  C:0DF9H         LINE#         13
  C:0DFBH         LINE#         14
  C:0DFDH         LINE#         15
  C:0DFFH         LINE#         16
  -------         ENDPROC       UART1INIT
  -------         PROC          _UART1_SENDDATA
  D:0007H         SYMBOL        dat
  C:0EB5H         LINE#         20
  C:0EB5H         LINE#         21
  C:0EB5H         LINE#         22
  C:0EB7H         LINE#         23
  C:0EB9H         LINE#         24
  C:0EBCH         LINE#         25
  C:0EBEH         LINE#         26
  C:0EC0H         LINE#         27
  -------         ENDPROC       _UART1_SENDDATA
  -------         PROC          _UART1_SENDSTRING
  D:003CH         SYMBOL        s
  C:0D57H         LINE#         31
  C:0D5DH         LINE#         32
  C:0D5DH         LINE#         33
  C:0D68H         LINE#         34
  C:0D68H         LINE#         35
  C:0D79H         LINE#         36
  C:0D7BH         LINE#         37
BL51 BANKED LINKER/LOCATER V6.22                                                      02/10/2020  23:35:50  PAGE 15


  -------         ENDPROC       _UART1_SENDSTRING
  -------         ENDMOD        UART

  -------         MODULE        ?C?COPY
  C:06DBH         PUBLIC        ?C?COPY
  -------         ENDMOD        ?C?COPY

  -------         MODULE        ?C?CLDPTR
  C:0701H         PUBLIC        ?C?CLDPTR
  -------         ENDMOD        ?C?CLDPTR

  -------         MODULE        PRINTF
  D:003CH         PUBLIC        ?_PRINTF517?BYTE
  D:003CH         PUBLIC        ?_PRINTF?BYTE
  D:003CH         PUBLIC        ?_SPRINTF517?BYTE
  D:003CH         PUBLIC        ?_SPRINTF?BYTE
  C:0088H         PUBLIC        _PRINTF
  C:0088H         PUBLIC        _PRINTF517
  C:0082H         PUBLIC        _SPRINTF
  C:0082H         PUBLIC        _SPRINTF517
  -------         ENDMOD        PRINTF

  -------         MODULE        STRLEN
  C:000EH         PUBLIC        _STRLEN
  -------         ENDMOD        STRLEN

  -------         MODULE        STRSTR
  D:004AH         PUBLIC        ?_strstr?BYTE
  C:0967H         PUBLIC        _strstr
  -------         ENDMOD        STRSTR

  -------         MODULE        ?C?CLDOPTR
  C:071AH         PUBLIC        ?C?CLDOPTR
  -------         ENDMOD        ?C?CLDOPTR

  -------         MODULE        ?C?CSTPTR
  C:0747H         PUBLIC        ?C?CSTPTR
  -------         ENDMOD        ?C?CSTPTR

  -------         MODULE        ?C?PLDIIDATA
  C:0759H         PUBLIC        ?C?PLDIIDATA
  -------         ENDMOD        ?C?PLDIIDATA

  -------         MODULE        ?C?CCASE
  C:0769H         PUBLIC        ?C?CCASE
  -------         ENDMOD        ?C?CCASE

  -------         MODULE        PUTCHAR
  C:0D0AH         PUBLIC        _PUTCHAR
  -------         ENDMOD        PUTCHAR

*** WARNING L16: UNCALLED SEGMENT, IGNORED FOR OVERLAY PROCESS
    SEGMENT: ?PR?CHECK_NEW_MESSAGE?MAIN

*** WARNING L16: UNCALLED SEGMENT, IGNORED FOR OVERLAY PROCESS
    SEGMENT: ?PR?GPIO_CONFIG?MAIN

BL51 BANKED LINKER/LOCATER V6.22                                                      02/10/2020  23:35:50  PAGE 16


*** WARNING L16: UNCALLED SEGMENT, IGNORED FOR OVERLAY PROCESS
    SEGMENT: ?PR?SET_PDU_MODE?MAIN

*** WARNING L16: UNCALLED SEGMENT, IGNORED FOR OVERLAY PROCESS
    SEGMENT: ?PR?DHT_DISPLAY?MAIN

Program Size: data=80.2 xdata=412 code=3796
LINK/LOCATE RUN COMPLETE.  4 WARNING(S),  0 ERROR(S)
